
> reddyexch-app@0.1.0 build
> next build

  ▲ Next.js 14.2.35
  - Environments: .env.local

   Creating an optimized production build ...
<w> [webpack.cache.PackFileCacheStrategy] Caching failed for pack: Error: ENOENT: no such file or directory, rename 'E:\reddyexch web\.next\cache\webpack\server-production\0.pack_' -> 'E:\reddyexch web\.next\cache\webpack\server-production\0.pack'
<w> [webpack.cache.PackFileCacheStrategy] Caching failed for pack: Error: ENOENT: no such file or directory, rename 'E:\reddyexch web\.next\cache\webpack\client-production\2.pack_' -> 'E:\reddyexch web\.next\cache\webpack\client-production\2.pack'
 ✓ Compiled successfully
   Linting and checking validity of types ...

./src/app/layout.tsx
45:9  Warning: Custom fonts not added in `pages/_document.js` will only load for a single page. This is discouraged. See: https://nextjs.org/docs/messages/no-page-custom-font  @next/next/no-page-custom-font

info  - Need to disable some ESLint rules? Learn more here: https://nextjs.org/docs/basic-features/eslint#disabling-rules
   Collecting page data ...
   Generating static pages (0/66) ...
   Generating static pages (16/66) 
   Generating static pages (32/66) 
   Generating static pages (49/66) 
 ✓ Generating static pages (66/66)
   Finalizing page optimization ...
   Collecting build traces ...

Route (app)                              Size     First Load JS
┌ ○ /                                    192 B          96.2 kB
├ ○ /_not-found                          873 B          88.2 kB
├ ƒ /admin                               192 B          96.2 kB
├ ƒ /admin/analytics                     1.12 kB        88.4 kB
├ ƒ /admin/audit-log                     1.4 kB         88.7 kB
├ ƒ /admin/config                        1.77 kB        89.1 kB
├ ƒ /admin/content                       1.57 kB        97.6 kB
├ ƒ /admin/content/[id]                  176 B          99.2 kB
├ ƒ /admin/content/calendar              1.5 kB         97.5 kB
├ ƒ /admin/content/new                   173 B          99.2 kB
├ ○ /admin/login                         1.35 kB        88.7 kB
├ ƒ /admin/rank-tracker                  1.54 kB        88.9 kB
├ ƒ /admin/widgets                       1.44 kB        88.8 kB
├ ƒ /api/admin/analytics/summary         0 B                0 B
├ ƒ /api/admin/audit-log                 0 B                0 B
├ ƒ /api/admin/auth/login                0 B                0 B
├ ƒ /api/admin/auth/logout               0 B                0 B
├ ƒ /api/admin/compliance/export         0 B                0 B
├ ƒ /api/admin/config                    0 B                0 B
├ ƒ /api/admin/keywords                  0 B                0 B
├ ƒ /api/admin/media/upload              0 B                0 B
├ ƒ /api/admin/pages                     0 B                0 B
├ ƒ /api/admin/pages/[id]                0 B                0 B
├ ƒ /api/admin/pages/[id]/publish        0 B                0 B
├ ƒ /api/admin/pages/[id]/unpublish      0 B                0 B
├ ƒ /api/admin/pages/score               0 B                0 B
├ ƒ /api/admin/rank-tracker              0 B                0 B
├ ƒ /api/analytics/batch                 0 B                0 B
├ ƒ /api/analytics/event                 0 B                0 B
├ ƒ /api/compliance/age-gate/confirm     0 B                0 B
├ ƒ /api/compliance/age-gate/decline     0 B                0 B
├ ƒ /api/config                          0 B                0 B
├ ƒ /api/geo-check                       0 B                0 B
├ ● /keyword/[slug]                      2.7 kB         98.7 kB
├   ├ /keyword/online-cricket-id
├   ├ /keyword/whatsapp-cricket-id
├   ├ /keyword/instant-cricket-id
├   └ [+27 more paths]
├ ○ /privacy-policy                      192 B          96.2 kB
├ ○ /responsible-gaming                  192 B          96.2 kB
├ ○ /robots.txt                          0 B                0 B
├ ○ /sitemap.xml                         0 B                0 B
└ ○ /terms                               192 B          96.2 kB
+ First Load JS shared by all            87.3 kB
  ├ chunks/117-4f5b424f20efdcae.js       31.7 kB
  ├ chunks/fd9d1056-b11b2651f33aae7f.js  53.6 kB
  └ other shared chunks (total)          1.95 kB


○  (Static)   prerendered as static content
●  (SSG)      prerendered as static HTML (uses getStaticProps)
ƒ  (Dynamic)  server-rendered on demand

